python : C:\Users\a\AppData\Roaming\Python\Pytho
n314\site-packages\pydantic\_internal\_config.py
:383: UserWarning: Valid config keys have change
d in V2:
At line:1 char:1
+ python backend/tests/test_ownership_transfer.p
y > test_log.txt 2>&1
+ ~~~~~~~~~~~~~~~~~~~~~~~~~~~~~~~~~~~~~~~~~~~~~~
~~~~~~~~~~~~~~~~~~~~~
    + CategoryInfo          : NotSpecified: (C: 
   \Users\a\AppD... changed in V2::String) [],  
   RemoteException
    + FullyQualifiedErrorId : NativeCommandErro 
   r
 
* 'orm_mode' has been renamed to 'from_attribute
s'
  warnings.warn(message, UserWarning)
Strategy 1: trading (f7fff635-8dab-434d-a5c5-e9f7b639a82f)
Strategy 2: long_term (c533bc66-60fe-4578-9c97-ad50452db9ec)
Traceback (most recent call last):
  File "C:\Users\a\AppData\Roaming\Python\Python
314\site-packages\sqlalchemy\engine\base.py", li
ne 1967, in _exec_single_context
    self.dialect.do_execute(
    ~~~~~~~~~~~~~~~~~~~~~~~^
        cursor, str_statement, effective_paramet
ers, context
        ^^^^^^^^^^^^^^^^^^^^^^^^^^^^^^^^^^^^^^^^
^^^^^^^^^^^^
    )
    ^
  File "C:\Users\a\AppData\Roaming\Python\Python
314\site-packages\sqlalchemy\engine\default.py",
 line 952, in do_execute
    cursor.execute(statement, parameters)
    ~~~~~~~~~~~~~~^^^^^^^^^^^^^^^^^^^^^^^
psycopg2.errors.StringDataRightTruncation: value
 too long for type character varying(10)


The above exception was the direct cause of the 
following exception:

Traceback (most recent call last):
  File "D:\code\ai-trading-system\backend\tests\
test_ownership_transfer.py", line 36, in <module
>
    owner = repo_own.create(s1.id, ticker, "prim
ary", reasoning="Initial Buy")
  File "d:\code/ai-trading-system\backend\databa
se\repository_multi_strategy.py", line 250, in c
reate
    self.session.flush()
    ~~~~~~~~~~~~~~~~~~^^
  File "C:\Users\a\AppData\Roaming\Python\Python
314\site-packages\sqlalchemy\orm\session.py", li
ne 4331, in flush
    self._flush(objects)
    ~~~~~~~~~~~^^^^^^^^^
  File "C:\Users\a\AppData\Roaming\Python\Python
314\site-packages\sqlalchemy\orm\session.py", li
ne 4466, in _flush
    with util.safe_reraise():
         ~~~~~~~~~~~~~~~~~^^
  File "C:\Users\a\AppData\Roaming\Python\Python
314\site-packages\sqlalchemy\util\langhelpers.py
", line 224, in __exit__
    raise exc_value.with_traceback(exc_tb)
  File "C:\Users\a\AppData\Roaming\Python\Python
314\site-packages\sqlalchemy\orm\session.py", li
ne 4427, in _flush
    flush_context.execute()
    ~~~~~~~~~~~~~~~~~~~~~^^
  File "C:\Users\a\AppData\Roaming\Python\Python
314\site-packages\sqlalchemy\orm\unitofwork.py",
 line 466, in execute
    rec.execute(self)
    ~~~~~~~~~~~^^^^^^
  File "C:\Users\a\AppData\Roaming\Python\Python
314\site-packages\sqlalchemy\orm\unitofwork.py",
 line 642, in execute
    util.preloaded.orm_persistence.save_obj(
    ~~~~~~~~~~~~~~~~~~~~~~~~~~~~~~~~~~~~~~~^
        self.mapper,
        ^^^^^^^^^^^^
        uow.states_for_mapper_hierarchy(self.map
per, False, False),
        ^^^^^^^^^^^^^^^^^^^^^^^^^^^^^^^^^^^^^^^^
^^^^^^^^^^^^^^^^^^^
        uow,
        ^^^^
    )
    ^
  File "C:\Users\a\AppData\Roaming\Python\Python
314\site-packages\sqlalchemy\orm\persistence.py"
, line 93, in save_obj
    _emit_insert_statements(
    ~~~~~~~~~~~~~~~~~~~~~~~^
        base_mapper,
        ^^^^^^^^^^^^
    ...<3 lines>...
        insert,
        ^^^^^^^
    )
    ^
  File "C:\Users\a\AppData\Roaming\Python\Python
314\site-packages\sqlalchemy\orm\persistence.py"
, line 1233, in _emit_insert_statements
    result = connection.execute(
        statement,
        params,
        execution_options=execution_options,
    )
  File "C:\Users\a\AppData\Roaming\Python\Python
314\site-packages\sqlalchemy\engine\base.py", li
ne 1419, in execute
    return meth(
        self,
        distilled_parameters,
        execution_options or NO_OPTIONS,
    )
  File "C:\Users\a\AppData\Roaming\Python\Python
314\site-packages\sqlalchemy\sql\elements.py", l
ine 527, in _execute_on_connection
    return connection._execute_clauseelement(
           ~~~~~~~~~~~~~~~~~~~~~~~~~~~~~~~~~^
        self, distilled_params, execution_option
s
        ^^^^^^^^^^^^^^^^^^^^^^^^^^^^^^^^^^^^^^^^
^
    )
    ^
  File "C:\Users\a\AppData\Roaming\Python\Python
314\site-packages\sqlalchemy\engine\base.py", li
ne 1641, in _execute_clauseelement
    ret = self._execute_context(
        dialect,
    ...<8 lines>...
        cache_hit=cache_hit,
    )
  File "C:\Users\a\AppData\Roaming\Python\Python
314\site-packages\sqlalchemy\engine\base.py", li
ne 1846, in _execute_context
    return self._exec_single_context(
           ~~~~~~~~~~~~~~~~~~~~~~~~~^
        dialect, context, statement, parameters
        ^^^^^^^^^^^^^^^^^^^^^^^^^^^^^^^^^^^^^^^
    )
    ^
  File "C:\Users\a\AppData\Roaming\Python\Python
314\site-packages\sqlalchemy\engine\base.py", li
ne 1986, in _exec_single_context
    self._handle_dbapi_exception(
    ~~~~~~~~~~~~~~~~~~~~~~~~~~~~^
        e, str_statement, effective_parameters, 
cursor, context
        ^^^^^^^^^^^^^^^^^^^^^^^^^^^^^^^^^^^^^^^^
^^^^^^^^^^^^^^^
    )
    ^
  File "C:\Users\a\AppData\Roaming\Python\Python
314\site-packages\sqlalchemy\engine\base.py", li
ne 2363, in _handle_dbapi_exception
    raise sqlalchemy_exception.with_traceback(ex
c_info[2]) from e
  File "C:\Users\a\AppData\Roaming\Python\Python
314\site-packages\sqlalchemy\engine\base.py", li
ne 1967, in _exec_single_context
    self.dialect.do_execute(
    ~~~~~~~~~~~~~~~~~~~~~~~^
        cursor, str_statement, effective_paramet
ers, context
        ^^^^^^^^^^^^^^^^^^^^^^^^^^^^^^^^^^^^^^^^
^^^^^^^^^^^^
    )
    ^
  File "C:\Users\a\AppData\Roaming\Python\Python
314\site-packages\sqlalchemy\engine\default.py",
 line 952, in do_execute
    cursor.execute(statement, parameters)
    ~~~~~~~~~~~~~~^^^^^^^^^^^^^^^^^^^^^^^
sqlalchemy.exc.DataError: (psycopg2.errors.Strin
gDataRightTruncation) value too long for type ch
aracter varying(10)

[SQL: INSERT INTO position_ownership (position_i
d, strategy_id, ticker, ownership_type, locked_u
ntil, reasoning, created_at) VALUES (%(position_
id)s, %(strategy_id)s, %(ticker)s, %(ownership_t
ype)s, %(locked_until)s, %(reasoning)s, %(create
d_at)s) RETURNING position_ownership.id]
[parameters: {'position_id': None, 'strategy_id'
: 'f7fff635-8dab-434d-a5c5-e9f7b639a82f', 'ticke
r': 'TRANSFER_TEST', 'ownership_type': 'primary'
, 'locked_until': None, 'reasoning': 'Initial Bu
y', 'created_at': datetime.datetime(2026, 1, 11,
 12, 22, 2, 508261)}]
(Background on this error at: https://sqlalche.m
e/e/20/9h9h)
