============================================================
Testing Historical Data Seeding Integration
============================================================

1. Initializing Tables...
   Warning: Could not enable vector extension: (psycopg2.errors.FeatureNotSupported) 오류:  "vector" 이름의 확장 모듈을 사용할 수 없습니다
HINT:  해당 확장 모듈은 PostgreSQL 시작 전에 먼저 설치 되어 있어야합니다.

[SQL: CREATE EXTENSION IF NOT EXISTS vector]
(Background on this error at: https://sqlalche.me/e/20/tw8g)
✅ Tables created/verified successfully

2. Testing Data Collection Repository...
   Created Job ID: 3
   Updated Job Progress
✅ DataCollectionRepository working

3. Testing Stock Repository...
   Save warning (might be duplicate): (psycopg2.errors.UndefinedColumn) 오류:  "date" 칼럼은 "stock_prices" 릴레이션(relation)에 없음
LINE 1: INSERT INTO stock_prices (ticker, date, open, high, low, clo...
                                          ^

[SQL: INSERT INTO stock_prices (ticker, date, open, high, low, close, volume, adj_close, source, created_at) SELECT p0::VARCHAR, p1::TIMESTAMP WITHOUT TIME ZONE, p2::FLOAT, p3::FLOAT, p4::FLOAT, p5::FLOAT, p6::BIGINT, p7::FLOAT, p8::VARCHAR, p9::TIMESTAMP  ... 371 characters truncated ... 6, p7, p8, p9, sen_counter) ORDER BY sen_counter RETURNING stock_prices.id, stock_prices.id AS id__1]
[parameters: {'close__0': 152.0, 'high__0': 155.0, 'low__0': 149.0, 'source__0': 'manual_test', 'volume__0': 1000000, 'adj_close__0': 152.0, 'created_at__0': datetime.datetime(2025, 12, 21, 19, 23, 16, 716211), 'open__0': 150.0, 'date__0': datetime.datetime(2025, 12, 21, 19, 23, 16, 714265), 'ticker__0': 'TEST_AAPL', 'close__1': 150.0, 'high__1': 151.0, 'low__1': 147.0, 'source__1': 'manual_test', 'volume__1': 900000, 'adj_close__1': 150.0, 'created_at__1': datetime.datetime(2025, 12, 21, 19, 23, 16, 716213), 'open__1': 148.0, 'date__1': datetime.datetime(2025, 12, 20, 19, 23, 16, 714267), 'ticker__1': 'TEST_AAPL'}]
(Background on this error at: https://sqlalche.me/e/20/f405)
python : Traceback (most recent call last):
At line:1 char:1
+ python scripts/test_historical_seeding.py > test_log.txt
 2>&1
+ ~~~~~~~~~~~~~~~~~~~~~~~~~~~~~~~~~~~~~~~~~~~~~~~~~~~~~~~~
~~~~~
    + CategoryInfo          : NotSpecified: (Traceback (m 
   ost recent call last)::String) [], RemoteException
    + FullyQualifiedErrorId : NativeCommandError
 
  File "C:\Users\a\AppData\Roaming\Python\Python314\site-p
ackages\sqlalchemy\engine\base.py", line 1967, in _exec_si
ngle_context
    self.dialect.do_execute(
    ~~~~~~~~~~~~~~~~~~~~~~~^
        cursor, str_statement, effective_parameters, conte
xt
        ^^^^^^^^^^^^^^^^^^^^^^^^^^^^^^^^^^^^^^^^^^^^^^^^^^
^^
    )
    ^
  File "C:\Users\a\AppData\Roaming\Python\Python314\site-p
ackages\sqlalchemy\engine\default.py", line 952, in do_exe
cute
    cursor.execute(statement, parameters)
    ~~~~~~~~~~~~~~^^^^^^^^^^^^^^^^^^^^^^^
psycopg2.errors.UndefinedColumn: 오류:  stock_prices.id 칼럼 없
음
LINE 1: SELECT stock_prices.id AS stock_prices_id, stock_p
rices.tick...
               ^


The above exception was the direct cause of the following 
exception:

Traceback (most recent call last):
  File "D:\code\ai-trading-system\scripts\test_historical_
seeding.py", line 175, in <module>
    asyncio.run(test_database_integration())
    ~~~~~~~~~~~^^^^^^^^^^^^^^^^^^^^^^^^^^^^^
  File "C:\Python314\Lib\asyncio\runners.py", line 204, in
 run
    return runner.run(main)
           ~~~~~~~~~~^^^^^^
  File "C:\Python314\Lib\asyncio\runners.py", line 127, in
 run
    return self._loop.run_until_complete(task)
           ~~~~~~~~~~~~~~~~~~~~~~~~~~~~~^^^^^^
  File "C:\Python314\Lib\asyncio\base_events.py", line 719
, in run_until_complete
    return future.result()
           ~~~~~~~~~~~~~^^
  File "D:\code\ai-trading-system\scripts\test_historical_
seeding.py", line 124, in test_database_integration
    results = repo.get_prices(
        "TEST_AAPL",
        datetime.now() - timedelta(days=2),
        datetime.now()
    )
  File "D:\code\ai-trading-system\backend\database\reposit
ory.py", line 698, in get_prices
    .all()
     ~~~^^
  File "C:\Users\a\AppData\Roaming\Python\Python314\site-p
ackages\sqlalchemy\orm\query.py", line 2704, in all
    return self._iter().all()  # type: ignore
           ~~~~~~~~~~^^
  File "C:\Users\a\AppData\Roaming\Python\Python314\site-p
ackages\sqlalchemy\orm\query.py", line 2857, in _iter
    result: Union[ScalarResult[_T], Result[_T]] = self.ses
sion.execute(
                                                  ~~~~~~~~
~~~~~~~~~~~~^
        statement,
        ^^^^^^^^^^
        params,
        ^^^^^^^
        execution_options={"_sa_orm_load_options": self.lo
ad_options},
        ^^^^^^^^^^^^^^^^^^^^^^^^^^^^^^^^^^^^^^^^^^^^^^^^^^
^^^^^^^^^^^^
    )
    ^
  File "C:\Users\a\AppData\Roaming\Python\Python314\site-p
ackages\sqlalchemy\orm\session.py", line 2351, in execute
    return self._execute_internal(
           ~~~~~~~~~~~~~~~~~~~~~~^
        statement,
        ^^^^^^^^^^
    ...<4 lines>...
        _add_event=_add_event,
        ^^^^^^^^^^^^^^^^^^^^^^
    )
    ^
  File "C:\Users\a\AppData\Roaming\Python\Python314\site-p
ackages\sqlalchemy\orm\session.py", line 2249, in _execute
_internal
    result: Result[Any] = compile_state_cls.orm_execute_st
atement(
                          ~~~~~~~~~~~~~~~~~~~~~~~~~~~~~~~~
~~~~~~~^
        self,
        ^^^^^
    ...<4 lines>...
        conn,
        ^^^^^
    )
    ^
  File "C:\Users\a\AppData\Roaming\Python\Python314\site-p
ackages\sqlalchemy\orm\context.py", line 306, in orm_execu
te_statement
    result = conn.execute(
        statement, params or {}, execution_options=executi
on_options
    )
  File "C:\Users\a\AppData\Roaming\Python\Python314\site-p
ackages\sqlalchemy\engine\base.py", line 1419, in execute
    return meth(
        self,
        distilled_parameters,
        execution_options or NO_OPTIONS,
    )
  File "C:\Users\a\AppData\Roaming\Python\Python314\site-p
ackages\sqlalchemy\sql\elements.py", line 527, in _execute
_on_connection
    return connection._execute_clauseelement(
           ~~~~~~~~~~~~~~~~~~~~~~~~~~~~~~~~~^
        self, distilled_params, execution_options
        ^^^^^^^^^^^^^^^^^^^^^^^^^^^^^^^^^^^^^^^^^
    )
    ^
  File "C:\Users\a\AppData\Roaming\Python\Python314\site-p
ackages\sqlalchemy\engine\base.py", line 1641, in _execute
_clauseelement
    ret = self._execute_context(
        dialect,
    ...<8 lines>...
        cache_hit=cache_hit,
    )
  File "C:\Users\a\AppData\Roaming\Python\Python314\site-p
ackages\sqlalchemy\engine\base.py", line 1846, in _execute
_context
    return self._exec_single_context(
           ~~~~~~~~~~~~~~~~~~~~~~~~~^
        dialect, context, statement, parameters
        ^^^^^^^^^^^^^^^^^^^^^^^^^^^^^^^^^^^^^^^
    )
    ^
  File "C:\Users\a\AppData\Roaming\Python\Python314\site-p
ackages\sqlalchemy\engine\base.py", line 1986, in _exec_si
ngle_context
    self._handle_dbapi_exception(
    ~~~~~~~~~~~~~~~~~~~~~~~~~~~~^
        e, str_statement, effective_parameters, cursor, co
ntext
        ^^^^^^^^^^^^^^^^^^^^^^^^^^^^^^^^^^^^^^^^^^^^^^^^^^
^^^^^
    )
    ^
  File "C:\Users\a\AppData\Roaming\Python\Python314\site-p
ackages\sqlalchemy\engine\base.py", line 2363, in _handle_
dbapi_exception
    raise sqlalchemy_exception.with_traceback(exc_info[2])
 from e
  File "C:\Users\a\AppData\Roaming\Python\Python314\site-p
ackages\sqlalchemy\engine\base.py", line 1967, in _exec_si
ngle_context
    self.dialect.do_execute(
    ~~~~~~~~~~~~~~~~~~~~~~~^
        cursor, str_statement, effective_parameters, conte
xt
        ^^^^^^^^^^^^^^^^^^^^^^^^^^^^^^^^^^^^^^^^^^^^^^^^^^
^^
    )
    ^
  File "C:\Users\a\AppData\Roaming\Python\Python314\site-p
ackages\sqlalchemy\engine\default.py", line 952, in do_exe
cute
    cursor.execute(statement, parameters)
    ~~~~~~~~~~~~~~^^^^^^^^^^^^^^^^^^^^^^^
sqlalchemy.exc.ProgrammingError: (psycopg2.errors.Undefine
dColumn) 오류:  stock_prices.id 칼럼 없음
LINE 1: SELECT stock_prices.id AS stock_prices_id, stock_p
rices.tick...
               ^

[SQL: SELECT stock_prices.id AS stock_prices_id, stock_pri
ces.ticker AS stock_prices_ticker, stock_prices.date AS st
ock_prices_date, stock_prices.open AS stock_prices_open, s
tock_prices.high AS stock_prices_high, stock_prices.low AS
 stock_prices_low, stock_prices.close AS stock_prices_clos
e, stock_prices.volume AS stock_prices_volume, stock_price
s.adj_close AS stock_prices_adj_close, stock_prices.source
 AS stock_prices_source, stock_prices.created_at AS stock_
prices_created_at 
FROM stock_prices 
WHERE stock_prices.ticker = %(ticker_1)s AND stock_prices.
date >= %(date_1)s AND stock_prices.date <= %(date_2)s ORD
ER BY stock_prices.date]
[parameters: {'ticker_1': 'TEST_AAPL', 'date_1': datetime.
datetime(2025, 12, 19, 19, 23, 16, 717182), 'date_2': date
time.datetime(2025, 12, 21, 19, 23, 16, 717187)}]
(Background on this error at: https://sqlalche.me/e/20/f40
5)
